{
	"music": [
		"Zeroh"
	],
	"arter": [
		"Jonspeedarts","Loss"
	],
	"coder": [
		"cold_vee"
	],
	"charter": [
		"Rotty"
	]
}